[www.cascaderate.com/index.html]
[backblue.gif]
[fade.gif]
[index.html]
[www.cascaderate.com/welcome.html]
[www.cascaderate.com/features.html]
[www.cascaderate.com/pricing.html]
[www.cascaderate.com/users/sign_up.html]
[www.cascaderate.com/timeline/18f107.html]
[www.cascaderate.com/users/sign_in.html]
[www.cascaderate.com/parity_grid/18f107.html]
[www.cascaderate.com/terms.html]
[www.cascaderate.com/index.html]
[www.cascaderate.com/welcome.html]
[www.cascaderate.com/features.html]
[www.cascaderate.com/contact.html]
[www.cascaderate.com/images/index/joinbar_2e8d2.gif]
[www.cascaderate.com/pricing.html]
[www.cascaderate.com/users/sign_up.html]
[www.cascaderate.com/users/sign_in.html]
[www.cascaderate.com/users/password/new.html]
[www.cascaderate.com/data_sets/18f107.html]
[www.cascaderate.com/grid/18f107.html]
[www.cascaderate.com/chart/18f107.html]
[www.cascaderate.com/market_map/18f107.html]
[www.cascaderate.com/ranges/18f107.html]
[www.cascaderate.com/rate_temp.12.delayed]
[www.cascaderate.com/timeline/18f107.html]
[www.cascaderate.com/parity_grid/18f107.html]
[www.cascaderate.com/terms.html]
[www.cascaderate.com/contact.html]
[www.cascaderate.com/users/password/new.html]
[www.cascaderate.com/excel_get/18f107html.html]
[www.cascaderate.com/obtain_pdf/18f107.pdf]
[www.cascaderate.com/data_sets/18f107.html]
[www.cascaderate.com/grid/18f107.html]
[www.cascaderate.com/chart/18f107.html]
[www.cascaderate.com/images/ind3.gif]
[www.cascaderate.com/market_map/18f107.html]
[www.cascaderate.com/ranges/18f107.html]
[www.cascaderate.com/rate_temp.html]
[www.cascaderate.com/replicator/index8aec.html]
[www.cascaderate.com/replicator/index93b9.html]
[www.cascaderate.com/replicator/indexcfef.html]
[www.cascaderate.com/replicator/indexced5.html]
[www.cascaderate.com/replicator/indexe3f0.html]
[www.cascaderate.com/replicator/index7c0d.html]
[www.cascaderate.com/replicator/index2e0a.html]
[www.cascaderate.com/replicator/index61dd.html]
